// Jest Snapshot v1, https://goo.gl/fbAQLP

exports[`Should render Expense dashboard page correctly 1`] = `
<div>
  dashboard page content
</div>
`;
